
> tmp_app@0.1.0 build
> next build

笆ｲ Next.js 16.2.1 (Turbopack)

  Creating an optimized production build ...
笨・Compiled successfully in 3.4s
  Running TypeScript ...
node.exe : Failed to type check.
発生場所 行:1 文字:1
+ & "C:\Program Files\nodejs/node.exe" "C:\Program Fi
les\nodejs/node_mo ...
+ ~~~~~~~~~~~~~~~~~~~~~~~~~~~~~~~~~~~~~~~~~~~~~~~~~~~
~~~~~~~~~~~~~~~~~~
    + CategoryInfo          : NotSpecified: (Failed  
   to type check.:String) [], RemoteException
    + FullyQualifiedErrorId : NativeCommandError
 

./app/tools/pdf-merge/page.tsx:105:30
Type error: Type 'Uint8Array<ArrayBufferLike>' is not
 assignable to type 'BlobPart'.
  Type 'Uint8Array<ArrayBufferLike>' is not assignabl
e to type 'ArrayBufferView<ArrayBuffer>'.
    Types of property 'buffer' are incompatible.
      Type 'ArrayBufferLike' is not assignable to typ
e 'ArrayBuffer'.
        Type 'SharedArrayBuffer' is missing the follo
wing properties from type 'ArrayBuffer': resizable, r
esize, detached, transfer, transferToFixedLength

  [90m103 |[0m       [36mconst[0m bytes = [36maw
ait[0m mergedDoc.save();
  [90m104 |[0m       setProgress([35m100[0m);
[31m[1m>[0m [90m105 |[0m       [36mconst[0m bl
ob = [36mnew[0m [33mBlob[0m([bytes], { [36mtype
[0m: [32m"application/pdf"[0m });
  [90m    |[0m                              [31m[
1m^[0m
  [90m106 |[0m       setResultUrl([33mURL[0m.crea
teObjectURL(blob));
  [90m107 |[0m     } [36mcatch[0m {
  [90m108 |[0m       setError([32m"PDF邨仙粋荳ｭ縺ｫ繧ｨ繝ｩ繝
ｼ縺檎匱逕溘＠縺ｾ縺励◆縲・[0m);
Next.js build worker exited with code: 1 and signal: 
null
